C51 COMPILER V9.02   MAIN                                                                  02/14/2015 12:59:55 PAGE 1   


C51 COMPILER V9.02, COMPILATION OF MODULE MAIN
OBJECT MODULE PLACED IN main.OBJ
COMPILER INVOKED BY: C:\Keil\C51\BIN\C51.EXE main.c BROWSE DEBUG OBJECTEXTEND

line level    source

   1          /*-----------------------------------------------------------------------------
   2           Program to demonstrate single channel ADC, 8bit(0-255) adc value is displayed on lcd
   3            -----------------------------------------------------------------------------
   4            note:
   5            1.Refer lcd.h file for Pin connections
   6            2.Refer adc.h for adc pin connection(adc_databus,A,B,C,ALE,Start,Eoc,OE)
   7            3.Refer the LM35 datasheet for Voltage and temp relation
   8          ------------------------------------------------------------------------------*/
   9          
  10          
  11          /* Reg51.h contains the defnition of all ports and SFRs */
  12          #include <reg51.h> 
  13          
  14          #include "lcd.h"        //User defined LCD library which conatins the lcd routines
  15          #include "adc.h"   //User defined library which conatins the adc routines
  16          
  17          
  18          /* start the main program */
  19          void main() 
  20          {
  21   1         unsigned char adc_result=0;
  22   1         unsigned int adc_temp=0;
  23   1      
  24   1        /* Initilize the lcd before displaying any thing on the lcd */
  25   1          LCD_Init(8,2,16);
  26   1      
  27   1        /* Initilize the adc before starting the conversion */
  28   1          ADC_Init();
  29   1      
  30   1      
  31   1      
  32   1         while(1)
  33   1          {
  34   2                    /*Get the adc value of channel one or wherever the LM35 temp sensor is connected */
  35   2                       adc_result= ADC_GetAdcValue(1);
  36   2               
  37   2                       LCD_GoToLine(1);
  38   2               LCD_Printf("ADC value:%u",adc_result);
  39   2                                               
  40   2                       // Convert the raw ADC value to equivalent temperature with 5v as ADC reference
  41   2                       /* Step size of AdC= (5v/255)=19.60mv = 20mv.
  42   2                          for every degree celcius the Lm35 provides 10mv voltage change.
  43   2                              1 step of ADC=20mv=2'c, hence the Raw ADC value can be multiplied by 2 to get equivalent temp*/
  44   2                       adc_temp = (adc_result*2); 
  45   2      
  46   2                   /*Go to second line and Display the actual temp */
  47   2                       LCD_GoToNextLine();
  48   2               LCD_Printf("Temp:%u",adc_temp);
  49   2            }
  50   1      
  51   1      
  52   1        }


MODULE INFORMATION:   STATIC OVERLAYABLE
C51 COMPILER V9.02   MAIN                                                                  02/14/2015 12:59:55 PAGE 2   

   CODE SIZE        =     74    ----
   CONSTANT SIZE    =     21    ----
   XDATA SIZE       =   ----    ----
   PDATA SIZE       =   ----    ----
   DATA SIZE        =   ----       3
   IDATA SIZE       =   ----    ----
   BIT SIZE         =   ----    ----
END OF MODULE INFORMATION.


C51 COMPILATION COMPLETE.  0 WARNING(S),  0 ERROR(S)
