Microchip MPLAB XC8 Compiler V1.33 ()

Linker command line:

--edf=C:\Program Files (x86)\Microchip\xc8\v1.33\dat\en_msgs.txt -cs \
  -h+dist/default/production\RTC_UART.production.sym \
  --cmf=dist/default/production\RTC_UART.production.cmf -z -Q16F877A \
  -oC:\Users\bagwan\AppData\Local\Temp\s2d4.6 \
  -Mdist/default/production/RTC_UART.production.map -E1 -ver=XC8 \
  -ASTACK=0110h-016fh -pstack=STACK -ACONST=00h-0FFhx32 -ACODE=00h-07FFhx4 \
  -ASTRCODE=00h-01FFFh -AENTRY=00h-0FFhx32 -ASTRING=00h-0FFhx32 \
  -ACOMMON=070h-07Fh -ABANK0=020h-06Fh -ABANK1=0A0h-0EFh \
  -ABANK2=0110h-016Fh -ABANK3=0190h-01EFh \
  -ARAM=020h-06Fh,0A0h-0EFh,0110h-016Fh,0190h-01EFh \
  -AABS1=020h-07Fh,0A0h-0EFh,0110h-016Fh,0190h-01EFh -ASFR0=00h-01Fh \
  -ASFR1=080h-09Fh -ASFR2=0100h-010Fh -ASFR3=0180h-018Fh \
  -preset_vec=00h,intentry,init,end_init -ppowerup=CODE -pcinit=CODE \
  -pfunctab=CODE -ACONFIG=02007h-02007h -pconfig=CONFIG -DCONFIG=2 \
  -AIDLOC=02000h-02003h -pidloc=IDLOC -DIDLOC=2 -AEEDATA=00h-0FFh/02100h \
  -peeprom_data=EEDATA -DEEDATA=2 -DCODE=2 -DSTRCODE=2 -DSTRING=2 -DCONST=2 \
  -DENTRY=2 -k C:\Users\bagwan\AppData\Local\Temp\s2d4.obj \
  dist/default/production\RTC_UART.production.obj 

Object code version is 3.11

Machine type is 16F877A



                Name                               Link     Load   Length Selector   Space Scale
C:\Users\bagwan\AppData\Local\Temp\s2d4.obj
                end_init                              0        0        3        0       0
                config                             2007     2007        1     400E       0
dist/default/production\RTC_UART.production.obj
                cinit                               7FC      7FC        4      FF8       0
                text21                              344      344        7      688       0
                text20                              34B      34B        7      696       0
                text19                              35B      35B        B      6B6       0
                text18                              3E4      3E4       21      7C8       0
                text17                              338      338        6      670       0
                text16                              33E      33E        6      67C       0
                text15                              366      366        D      6CC       0
                text14                              455      455       4A      8AA       0
                text13                              49F      49F       4A      93E       0
                text12                              373      373        E      6E6       0
                text11                              3C4      3C4       20      788       0
                text10                              405      405       28      80A       0
                text9                               42D      42D       28      85A       0
                text8                               541      541       5E      A82       0
                text7                               4E9      4E9       58      9D2       0
                text6                               392      392       16      724       0
                text5                               352      352        9      6A4       0
                text4                               59F      59F       85      B3E       0
                text3                               3A8      3A8       1C      750       0
                text2                               381      381       11      702       0
                text1                               6AC      6AC      150      D58       0
                maintext                            624      624       88      C48       0
                cstackBANK0                          20       20       40       20       1
                cstackCOMMON                         70       70        E       70       1
                strings                               3        3       3A        6       0

TOTAL           Name                               Link     Load   Length     Space
        CLASS   STACK          

        CLASS   CONST          

        CLASS   CODE           
                end_init                              0        0        3         0
                cinit                               7FC      7FC        4         0
                text21                              344      344        7         0
                text20                              34B      34B        7         0
                text19                              35B      35B        B         0
                text18                              3E4      3E4       21         0
                text17                              338      338        6         0
                text16                              33E      33E        6         0
                text15                              366      366        D         0
                text14                              455      455       4A         0
                text13                              49F      49F       4A         0
                text12                              373      373        E         0
                text11                              3C4      3C4       20         0
                text10                              405      405       28         0
                text9                               42D      42D       28         0
                text8                               541      541       5E         0
                text7                               4E9      4E9       58         0
                text6                               392      392       16         0
                text5                               352      352        9         0
                text4                               59F      59F       85         0
                text3                               3A8      3A8       1C         0
                text2                               381      381       11         0
                text1                               6AC      6AC      150         0
                maintext                            624      624       88         0

        CLASS   STRCODE        

        CLASS   ENTRY          

        CLASS   STRING         
                strings                               3        3       3A         0

        CLASS   COMMON         
                cstackCOMMON                         70       70        E         1

        CLASS   BANK0          
                cstackBANK0                          20       20       40         1

        CLASS   BANK1          

        CLASS   BANK2          

        CLASS   BANK3          

        CLASS   RAM            

        CLASS   ABS1           
                abs_s1                               7E       7E        2         1

        CLASS   SFR0           

        CLASS   SFR1           

        CLASS   SFR2           

        CLASS   SFR3           

        CLASS   CONFIG         
                config                             2007     2007        1         0

        CLASS   IDLOC          

        CLASS   EEDATA         



SEGMENTS        Name                           Load    Length   Top    Selector   Space  Class     Delta

                reset_vec                      000000  000003  000003         0       0  CODE        2
                strings                        000003  00003A  00003D         6       0  STRING      2
                cstackBANK0                    000020  000040  000060        20       1  BANK0       1
                cstackCOMMON                   000070  00000E  00007E        70       1  COMMON      1
                text17                         000338  000006  00033E       670       0  CODE        2
                text16                         00033E  000006  000344       67C       0  CODE        2
                text21                         000344  000007  00034B       688       0  CODE        2
                text20                         00034B  000007  000352       696       0  CODE        2
                text5                          000352  000009  00035B       6A4       0  CODE        2
                text19                         00035B  00000B  000366       6B6       0  CODE        2
                text15                         000366  00000D  000373       6CC       0  CODE        2
                text12                         000373  00000E  000381       6E6       0  CODE        2
                text2                          000381  000011  000392       702       0  CODE        2
                text6                          000392  000016  0003A8       724       0  CODE        2
                text3                          0003A8  00001C  0003C4       750       0  CODE        2
                text11                         0003C4  000020  0003E4       788       0  CODE        2
                text18                         0003E4  000021  000405       7C8       0  CODE        2
                text10                         000405  000028  00042D       80A       0  CODE        2
                text9                          00042D  000028  000455       85A       0  CODE        2
                text14                         000455  00004A  00049F       8AA       0  CODE        2
                text13                         00049F  00004A  0004E9       93E       0  CODE        2
                text7                          0004E9  000058  000541       9D2       0  CODE        2
                text8                          000541  00005E  00059F       A82       0  CODE        2
                text4                          00059F  000085  000624       B3E       0  CODE        2
                maintext                       000624  000088  0006AC       C48       0  CODE        2
                text1                          0006AC  000150  0007FC       D58       0  CODE        2
                cinit                          0007FC  000004  000800       FF8       0  CODE        2
                config                         002007  000001  002008      400E       0  CONFIG      2


UNUSED ADDRESS RANGES

        Name                Unused          Largest block    Delta
        BANK0            0060-006F             10           1
        BANK1            00A0-00EF             50           1
        BANK2            0110-016F             60           1
        BANK3            0190-01EF             60           1
        CODE             003D-0337            2FB           2
                         0800-1FFF            800
        CONST            003D-0337            100           2
                         0800-1FFF            100
        EEDATA           2100-21FF            100           2
        ENTRY            003D-0337            100           2
                         0800-1FFF            100
        IDLOC            2000-2003              4           2
        RAM              0060-006F             10           1
                         00A0-00EF             50
                         0110-016F             60
                         0190-01EF             60
        SFR0             0000-001F             20           1
        SFR1             0080-009F             20           1
        SFR2             0100-010F             10           1
        SFR3             0180-018F             10           1
        STACK            0110-016F             60           1
        STRCODE          003D-0337            2FB           2
                         0800-1FFF           1800
        STRING           003D-0337            100           2
                         0800-1FFF            100

                                  Symbol Table

?_UART_Printf                                 cstackBANK0  002D
?___lldiv                                     cstackCOMMON 0070
I2C_Read@var_ackOption_u8                     cstackCOMMON 0071
I2C_Read@var_i2cData_u8                       cstackCOMMON 0072
I2C_Write@var_i2cData_u8                      cstackCOMMON 0070
RTC_GetDate@ptr_day_u8                        cstackCOMMON 0076
RTC_GetDate@ptr_month_u8                      cstackCOMMON 0073
RTC_GetDate@ptr_year_u8                       cstackCOMMON 0074
RTC_GetTime@ptr_hour_u8                       cstackCOMMON 0076
RTC_GetTime@ptr_min_u8                        cstackCOMMON 0073
RTC_GetTime@ptr_sec_u8                        cstackCOMMON 0074
RTC_SetDate@var_day_u8                        cstackCOMMON 0073
RTC_SetDate@var_month_u8                      cstackCOMMON 0071
RTC_SetDate@var_year_u8                       cstackCOMMON 0072
RTC_SetTime@var_hour_u8                       cstackCOMMON 0073
RTC_SetTime@var_min_u8                        cstackCOMMON 0071
RTC_SetTime@var_sec_u8                        cstackCOMMON 0072
UART_Init@var_baudRate_u32                    cstackBANK0  002A
UART_Printf@argList                           cstackBANK0  0047
UART_Printf@argp                              cstackBANK0  004D
UART_Printf@ch                                cstackBANK0  004C
UART_Printf@ptr                               cstackBANK0  004B
UART_Printf@str                               cstackBANK0  0042
UART_Printf@var_floatNum_f32                  cstackBANK0  003D
UART_Printf@var_numOfDigitsToTransmit_u8      cstackBANK0  004A
UART_Printf@var_num_s16                       cstackBANK0  0040
UART_Printf@var_num_s32                       cstackBANK0  0039
UART_Printf@var_num_u16                       cstackBANK0  0048
UART_Printf@var_num_u32                       cstackBANK0  0043
UART_SetBaudRate@RegValue                     cstackBANK0  0029
UART_SetBaudRate@var_baudRate_u32             cstackBANK0  0020
UART_TxChar@var_uartData_u8                   cstackCOMMON 0070
UART_TxHexNumber@a                            cstackBANK0  0020
UART_TxHexNumber@i                            cstackBANK0  002C
UART_TxHexNumber@var_hexNumber_u32            cstackCOMMON 0071
UART_TxHexNumber@var_numOfDigitsToTransmit_u8 cstackCOMMON 0075
UART_TxString@ptr_stringPointer_u8            cstackCOMMON 0072
_ACKDT                                        (abs)        048D
_ACKEN                                        (abs)        048C
_BF                                           (abs)        04A0
_I2C_Init                                     text12       0373
_I2C_Read                                     text18       03E4
_I2C_Start                                    text17       0338
_I2C_Stop                                     text16       033E
_I2C_Write                                    text15       0366
_PEN                                          (abs)        048A
_RCEN                                         (abs)        048B
_RCIF                                         (abs)        0065
_RCREG                                        (abs)        001A
_RCSTA                                        (abs)        0018
_RSEN                                         (abs)        0489
_RTC_GetDate                                  text14       0455
_RTC_GetTime                                  text13       049F
_RTC_Init                                     text11       03C4
_RTC_SetDate                                  text10       0405
_RTC_SetTime                                  text9        042D
_R_W                                          (abs)        04A2
_SEN                                          (abs)        0488
_SPBRG                                        (abs)        0099
_SSPADD                                       (abs)        0093
_SSPBUF                                       (abs)        0013
_SSPCON                                       (abs)        0014
_SSPSTAT                                      (abs)        0094
_TRISC                                        (abs)        0087
_TRISC3                                       (abs)        043B
_TRISC4                                       (abs)        043C
_TXIF                                         (abs)        0064
_TXREG                                        (abs)        0019
_TXSTA                                        (abs)        0098
_UART_Init                                    text6        0392
_UART_Printf                                  text1        06AC
_UART_SetBaudRate                             text7        04E9
_UART_TxChar                                  text5        0352
_UART_TxHexNumber                             text4        059F
_UART_TxHexNumber$186                         cstackBANK0  002A
_UART_TxString                                text3        03A8
__CFG_BOREN$OFF                               (abs)        0000
__CFG_CP$OFF                                  (abs)        0000
__CFG_CPD$OFF                                 (abs)        0000
__CFG_FOSC$HS                                 (abs)        0000
__CFG_LVP$ON                                  (abs)        0000
__CFG_PWRTE$OFF                               (abs)        0000
__CFG_WDTE$OFF                                (abs)        0000
__CFG_WRT$OFF                                 (abs)        0000
__Habs1                                       abs1         0000
__Hbank0                                      bank0        0000
__Hbank1                                      bank1        0000
__Hbank2                                      bank2        0000
__Hbank3                                      bank3        0000
__Hcinit                                      cinit        0800
__Hclrtext                                    clrtext      0000
__Hcode                                       code         0000
__Hcommon                                     common       0000
__Hconfig                                     config       2008
__HcstackBANK0                                cstackBANK0  0000
__HcstackCOMMON                               cstackCOMMON 0000
__Heeprom_data                                eeprom_data  0000
__Hend_init                                   end_init     0003
__Hfunctab                                    functab      0000
__Hidloc                                      idloc        0000
__Hinit                                       init         0000
__Hintentry                                   intentry     0000
__Hmaintext                                   maintext     0000
__Hpowerup                                    powerup      0000
__Hram                                        ram          0000
__Hreset_vec                                  reset_vec    0000
__Hsfr0                                       sfr0         0000
__Hsfr1                                       sfr1         0000
__Hsfr2                                       sfr2         0000
__Hsfr3                                       sfr3         0000
__Hspace_0                                    (abs)        2008
__Hspace_1                                    (abs)        007E
__Hspace_2                                    (abs)        0000
__Hspace_3                                    (abs)        0000
__Hstack                                      stack        0000
__Hstrings                                    strings      0000
__Htext                                       text         0000
__Labs1                                       abs1         0000
__Lbank0                                      bank0        0000
__Lbank1                                      bank1        0000
__Lbank2                                      bank2        0000
__Lbank3                                      bank3        0000
__Lcinit                                      cinit        07FC
__Lclrtext                                    clrtext      0000
__Lcode                                       code         0000
__Lcommon                                     common       0000
__Lconfig                                     config       2007
__LcstackBANK0                                cstackBANK0  0000
__LcstackCOMMON                               cstackCOMMON 0000
__Leeprom_data                                eeprom_data  0000
__Lend_init                                   end_init     0000
__Lfunctab                                    functab      0000
__Lidloc                                      idloc        0000
__Linit                                       init         0000
__Lintentry                                   intentry     0000
__Lmaintext                                   maintext     0000
__Lpowerup                                    powerup      0000
__Lram                                        ram          0000
__Lreset_vec                                  reset_vec    0000
__Lsfr0                                       sfr0         0000
__Lsfr1                                       sfr1         0000
__Lsfr2                                       sfr2         0000
__Lsfr3                                       sfr3         0000
__Lspace_0                                    (abs)        0000
__Lspace_1                                    (abs)        0000
__Lspace_2                                    (abs)        0000
__Lspace_3                                    (abs)        0000
__Lstack                                      stack        0000
__Lstrings                                    strings      0000
__Ltext                                       text         0000
__S0                                          (abs)        2008
__S1                                          (abs)        007E
__S2                                          (abs)        0000
__S3                                          (abs)        0000
___bmul                                       text2        0381
___bmul@multiplicand                          cstackCOMMON 0070
___bmul@multiplier                            cstackCOMMON 0073
___bmul@product                               cstackCOMMON 0072
___int_sp                                     stack        0000
___latbits                                    (abs)        0002
___lldiv                                      text8        0541
___lldiv@counter                              cstackCOMMON 007D
___lldiv@dividend                             cstackCOMMON 0074
___lldiv@divisor                              cstackCOMMON 0070
___lldiv@quotient                             cstackCOMMON 0079
___sp                                         stack        0000
__end_of_I2C_Init                             text12       0381
__end_of_I2C_Read                             text18       0405
__end_of_I2C_Start                            text17       033E
__end_of_I2C_Stop                             text16       0344
__end_of_I2C_Write                            text15       0373
__end_of_RTC_GetDate                          text14       049F
__end_of_RTC_GetTime                          text13       04E9
__end_of_RTC_Init                             text11       03E4
__end_of_RTC_SetDate                          text10       042D
__end_of_RTC_SetTime                          text9        0455
__end_of_UART_Init                            text6        03A8
__end_of_UART_Printf                          text1        07FC
__end_of_UART_SetBaudRate                     text7        0541
__end_of_UART_TxChar                          text5        035B
__end_of_UART_TxHexNumber                     text4        0624
__end_of_UART_TxString                        text3        03C4
__end_of___bmul                               text2        0392
__end_of___lldiv                              text8        059F
__end_of__initialization                      cinit        07FC
__end_of__stringdata                          strings      003D
__end_of__stringtab                           strings      0009
__end_of_i2c_Ack                              text21       034B
__end_of_i2c_NoAck                            text20       0352
__end_of_i2c_WaitForIdle                      text19       0366
__end_of_main                                 maintext     06AC
__initialization                              cinit        07FC
__pcstackBANK0                                cstackBANK0  0020
__pcstackCOMMON                               cstackCOMMON 0070
__pmaintext                                   maintext     0624
__pstrings                                    strings      0003
__ptext1                                      text1        06AC
__ptext10                                     text10       0405
__ptext11                                     text11       03C4
__ptext12                                     text12       0373
__ptext13                                     text13       049F
__ptext14                                     text14       0455
__ptext15                                     text15       0366
__ptext16                                     text16       033E
__ptext17                                     text17       0338
__ptext18                                     text18       03E4
__ptext19                                     text19       035B
__ptext2                                      text2        0381
__ptext20                                     text20       034B
__ptext21                                     text21       0344
__ptext3                                      text3        03A8
__ptext4                                      text4        059F
__ptext5                                      text5        0352
__ptext6                                      text6        0392
__ptext7                                      text7        04E9
__ptext8                                      text8        0541
__ptext9                                      text9        042D
__size_of_I2C_Init                            (abs)        0000
__size_of_I2C_Read                            (abs)        0000
__size_of_I2C_Start                           (abs)        0000
__size_of_I2C_Stop                            (abs)        0000
__size_of_I2C_Write                           (abs)        0000
__size_of_RTC_GetDate                         (abs)        0000
__size_of_RTC_GetTime                         (abs)        0000
__size_of_RTC_Init                            (abs)        0000
__size_of_RTC_SetDate                         (abs)        0000
__size_of_RTC_SetTime                         (abs)        0000
__size_of_UART_Init                           (abs)        0000
__size_of_UART_Printf                         (abs)        0000
__size_of_UART_SetBaudRate                    (abs)        0000
__size_of_UART_TxChar                         (abs)        0000
__size_of_UART_TxHexNumber                    (abs)        0000
__size_of_UART_TxString                       (abs)        0000
__size_of___bmul                              (abs)        0000
__size_of___lldiv                             (abs)        0000
__size_of_i2c_Ack                             (abs)        0000
__size_of_i2c_NoAck                           (abs)        0000
__size_of_i2c_WaitForIdle                     (abs)        0000
__size_of_main                                (abs)        0000
__stringbase                                  strings      0008
__stringdata                                  strings      0009
__stringtab                                   strings      0003
_i2c_Ack                                      text21       0344
_i2c_NoAck                                    text20       034B
_i2c_WaitForIdle                              text19       035B
_main                                         maintext     0624
btemp                                         (abs)        007E
end_of_initialization                         cinit        07FC
intlevel0                                     functab      0000
intlevel1                                     functab      0000
intlevel2                                     functab      0000
intlevel3                                     functab      0000
intlevel4                                     functab      0000
intlevel5                                     functab      0000
ltemp                                         (abs)        007E
ltemp0                                        (abs)        007E
ltemp1                                        (abs)        0082
ltemp2                                        (abs)        0086
ltemp3                                        (abs)        0080
main@day                                      cstackBANK0  005D
main@hour                                     cstackBANK0  005C
main@min                                      cstackBANK0  005B
main@month                                    cstackBANK0  005E
main@sec                                      cstackBANK0  005A
main@year                                     cstackBANK0  005F
reset_vec                                     reset_vec    0000
stackhi                                       (abs)        0000
stacklo                                       (abs)        0000
start                                         init         0000
start_initialization                          cinit        07FC
ttemp                                         (abs)        007E
ttemp0                                        (abs)        007E
ttemp1                                        (abs)        0081
ttemp2                                        (abs)        0084
ttemp3                                        (abs)        0087
ttemp4                                        (abs)        007F
wtemp                                         (abs)        007E
wtemp0                                        (abs)        007E
wtemp1                                        (abs)        0080
wtemp2                                        (abs)        0082
wtemp3                                        (abs)        0084
wtemp4                                        (abs)        0086
wtemp5                                        (abs)        0088
wtemp6                                        (abs)        007F


FUNCTION INFORMATION:

 *************** function _main *****************
 Defined at:
		line 16 in file "main.c"
 Parameters:    Size  Location     Type
		None
 Auto vars:     Size  Location     Type
  year            1   63[BANK0 ] unsigned char 
  month           1   62[BANK0 ] unsigned char 
  day             1   61[BANK0 ] unsigned char 
  hour            1   60[BANK0 ] unsigned char 
  min             1   59[BANK0 ] unsigned char 
  sec             1   58[BANK0 ] unsigned char 
 Return value:  Size  Location     Type
		None               void
 Registers used:
		wreg, fsr0l, fsr0h, status,2, status,0, pclath, cstack
 Tracked objects:
		On entry : 
		On exit  : 
		Unchanged: 
 Data sizes:     COMMON   BANK0   BANK1   BANK3   BANK2
      Params:         0       0       0       0       0
      Locals:         0       6       0       0       0
      Temps:          0      12       0       0       0
      Totals:         0      18       0       0       0
Total ram usage:       18 bytes
 Hardware stack levels required when called:    3
 This function calls:
		_RTC_GetDate
		_RTC_GetTime
		_RTC_Init
		_RTC_SetDate
		_RTC_SetTime
		_UART_Init
		_UART_Printf
		_UART_TxString
 This function is called by:
		Startup code after reset
 This function uses a non-reentrant model


 *************** function _UART_Printf *****************
 Defined at:
		line 471 in file "uart.c"
 Parameters:    Size  Location     Type
  argList         1    wreg     PTR const unsigned char 
		 -> STR_2(38), 
 Auto vars:     Size  Location     Type
  argList         1   39[BANK0 ] PTR const unsigned char 
		 -> STR_2(38), 
  var_num_u32     4   35[BANK0 ] unsigned long 
  var_num_s32     4   25[BANK0 ] long 
  var_floatNum    3   29[BANK0 ] long 
  var_num_u16     2   40[BANK0 ] unsigned int 
  var_num_s16     2   32[BANK0 ] int 
  argp            1   45[BANK0 ] PTR void [1]
		 -> ?_UART_Printf(0), 
  ch              1   44[BANK0 ] unsigned char 
  ptr             1   43[BANK0 ] PTR const unsigned char 
		 -> STR_2(38), 
  var_numOfDig    1   42[BANK0 ] unsigned char 
  str             1   34[BANK0 ] PTR unsigned char 
 Return value:  Size  Location     Type
		None               void
 Registers used:
		wreg, fsr0l, fsr0h, status,2, status,0, pclath, cstack
 Tracked objects:
		On entry : 
		On exit  : 
		Unchanged: 
 Data sizes:     COMMON   BANK0   BANK1   BANK3   BANK2
      Params:         0      12       0       0       0
      Locals:         0      21       0       0       0
      Temps:          2       0       0       0       0
      Totals:         2      33       0       0       0
Total ram usage:       35 bytes
 Hardware stack levels used:    1
 Hardware stack levels required when called:    2
 This function calls:
		_UART_TxChar
		_UART_TxHexNumber
		_UART_TxString
		___bmul
 This function is called by:
		_main
 This function uses a non-reentrant model


 *************** function ___bmul *****************
 Defined at:
		line 4 in file "C:\Program Files (x86)\Microchip\xc8\v1.33\sources\common\Umul8.c"
 Parameters:    Size  Location     Type
  multiplier      1    wreg     unsigned char 
  multiplicand    1    0[COMMON] unsigned char 
 Auto vars:     Size  Location     Type
  multiplier      1    3[COMMON] unsigned char 
  product         1    2[COMMON] unsigned char 
 Return value:  Size  Location     Type
                  1    wreg      unsigned char 
 Registers used:
		wreg, status,2, status,0
 Tracked objects:
		On entry : 
		On exit  : 
		Unchanged: 
 Data sizes:     COMMON   BANK0   BANK1   BANK3   BANK2
      Params:         1       0       0       0       0
      Locals:         2       0       0       0       0
      Temps:          1       0       0       0       0
      Totals:         4       0       0       0       0
Total ram usage:        4 bytes
 Hardware stack levels used:    1
 This function calls:
		Nothing
 This function is called by:
		_UART_Printf
 This function uses a non-reentrant model


 *************** function _UART_TxString *****************
 Defined at:
		line 162 in file "uart.c"
 Parameters:    Size  Location     Type
  ptr_stringPo    1    wreg     PTR unsigned char 
		 -> STR_1(14), 
 Auto vars:     Size  Location     Type
  ptr_stringPo    1    2[COMMON] PTR unsigned char 
		 -> STR_1(14), 
 Return value:  Size  Location     Type
		None               void
 Registers used:
		wreg, fsr0l, fsr0h, status,2, status,0, pclath, cstack
 Tracked objects:
		On entry : 
		On exit  : 
		Unchanged: 
 Data sizes:     COMMON   BANK0   BANK1   BANK3   BANK2
      Params:         0       0       0       0       0
      Locals:         1       0       0       0       0
      Temps:          1       0       0       0       0
      Totals:         2       0       0       0       0
Total ram usage:        2 bytes
 Hardware stack levels used:    1
 Hardware stack levels required when called:    1
 This function calls:
		_UART_TxChar
 This function is called by:
		_main
		_UART_Printf
 This function uses a non-reentrant model


 *************** function _UART_TxHexNumber *****************
 Defined at:
		line 302 in file "uart.c"
 Parameters:    Size  Location     Type
  var_hexNumbe    4    1[COMMON] unsigned long 
  var_numOfDig    1    5[COMMON] unsigned char 
 Auto vars:     Size  Location     Type
  a              10    0[BANK0 ] unsigned char [10]
  i               1   12[BANK0 ] unsigned char 
 Return value:  Size  Location     Type
		None               void
 Registers used:
		wreg, fsr0l, fsr0h, status,2, status,0, pclath, cstack
 Tracked objects:
		On entry : 
		On exit  : 
		Unchanged: 
 Data sizes:     COMMON   BANK0   BANK1   BANK3   BANK2
      Params:         5       0       0       0       0
      Locals:         0      13       0       0       0
      Temps:          4       0       0       0       0
      Totals:         9      13       0       0       0
Total ram usage:       22 bytes
 Hardware stack levels used:    1
 Hardware stack levels required when called:    1
 This function calls:
		_UART_TxChar
 This function is called by:
		_UART_Printf
 This function uses a non-reentrant model


 *************** function _UART_TxChar *****************
 Defined at:
		line 138 in file "uart.c"
 Parameters:    Size  Location     Type
  var_uartData    1    wreg     unsigned char 
 Auto vars:     Size  Location     Type
  var_uartData    1    0[COMMON] unsigned char 
 Return value:  Size  Location     Type
		None               void
 Registers used:
		wreg
 Tracked objects:
		On entry : 
		On exit  : 
		Unchanged: 
 Data sizes:     COMMON   BANK0   BANK1   BANK3   BANK2
      Params:         0       0       0       0       0
      Locals:         1       0       0       0       0
      Temps:          0       0       0       0       0
      Totals:         1       0       0       0       0
Total ram usage:        1 bytes
 Hardware stack levels used:    1
 This function calls:
		Nothing
 This function is called by:
		_UART_TxString
		_UART_TxHexNumber
		_UART_Printf
 This function uses a non-reentrant model


 *************** function _UART_Init *****************
 Defined at:
		line 59 in file "uart.c"
 Parameters:    Size  Location     Type
  var_baudRate    4   10[BANK0 ] unsigned long 
 Auto vars:     Size  Location     Type
		None
 Return value:  Size  Location     Type
		None               void
 Registers used:
		wreg, status,2, status,0, pclath, cstack
 Tracked objects:
		On entry : 
		On exit  : 
		Unchanged: 
 Data sizes:     COMMON   BANK0   BANK1   BANK3   BANK2
      Params:         0       4       0       0       0
      Locals:         0       0       0       0       0
      Temps:          0       0       0       0       0
      Totals:         0       4       0       0       0
Total ram usage:        4 bytes
 Hardware stack levels used:    1
 Hardware stack levels required when called:    2
 This function calls:
		_UART_SetBaudRate
 This function is called by:
		_main
 This function uses a non-reentrant model


 *************** function _UART_SetBaudRate *****************
 Defined at:
		line 84 in file "uart.c"
 Parameters:    Size  Location     Type
  var_baudRate    4    0[BANK0 ] unsigned long 
 Auto vars:     Size  Location     Type
  RegValue        1    9[BANK0 ] unsigned char 
 Return value:  Size  Location     Type
		None               void
 Registers used:
		wreg, status,2, status,0, pclath, cstack
 Tracked objects:
		On entry : 
		On exit  : 
		Unchanged: 
 Data sizes:     COMMON   BANK0   BANK1   BANK3   BANK2
      Params:         0       4       0       0       0
      Locals:         0       1       0       0       0
      Temps:          0       5       0       0       0
      Totals:         0      10       0       0       0
Total ram usage:       10 bytes
 Hardware stack levels used:    1
 Hardware stack levels required when called:    1
 This function calls:
		___lldiv
 This function is called by:
		_UART_Init
 This function uses a non-reentrant model


 *************** function ___lldiv *****************
 Defined at:
		line 6 in file "C:\Program Files (x86)\Microchip\xc8\v1.33\sources\common\lldiv.c"
 Parameters:    Size  Location     Type
  divisor         4    0[COMMON] unsigned long 
  dividend        4    4[COMMON] unsigned long 
 Auto vars:     Size  Location     Type
  quotient        4    9[COMMON] unsigned long 
  counter         1   13[COMMON] unsigned char 
 Return value:  Size  Location     Type
                  4    0[COMMON] unsigned long 
 Registers used:
		wreg, status,2, status,0
 Tracked objects:
		On entry : 
		On exit  : 
		Unchanged: 
 Data sizes:     COMMON   BANK0   BANK1   BANK3   BANK2
      Params:         8       0       0       0       0
      Locals:         5       0       0       0       0
      Temps:          1       0       0       0       0
      Totals:        14       0       0       0       0
Total ram usage:       14 bytes
 Hardware stack levels used:    1
 This function calls:
		Nothing
 This function is called by:
		_UART_SetBaudRate
 This function uses a non-reentrant model


 *************** function _RTC_SetTime *****************
 Defined at:
		line 86 in file "rtc.c"
 Parameters:    Size  Location     Type
  var_hour_u8     1    wreg     unsigned char 
  var_min_u8      1    1[COMMON] unsigned char 
  var_sec_u8      1    2[COMMON] unsigned char 
 Auto vars:     Size  Location     Type
  var_hour_u8     1    3[COMMON] unsigned char 
 Return value:  Size  Location     Type
		None               void
 Registers used:
		wreg, status,2, status,0, pclath, cstack
 Tracked objects:
		On entry : 
		On exit  : 
		Unchanged: 
 Data sizes:     COMMON   BANK0   BANK1   BANK3   BANK2
      Params:         2       0       0       0       0
      Locals:         1       0       0       0       0
      Temps:          0       0       0       0       0
      Totals:         3       0       0       0       0
Total ram usage:        3 bytes
 Hardware stack levels used:    1
 Hardware stack levels required when called:    2
 This function calls:
		_I2C_Start
		_I2C_Stop
		_I2C_Write
 This function is called by:
		_main
 This function uses a non-reentrant model


 *************** function _RTC_SetDate *****************
 Defined at:
		line 117 in file "rtc.c"
 Parameters:    Size  Location     Type
  var_day_u8      1    wreg     unsigned char 
  var_month_u8    1    1[COMMON] unsigned char 
  var_year_u8     1    2[COMMON] unsigned char 
 Auto vars:     Size  Location     Type
  var_day_u8      1    3[COMMON] unsigned char 
 Return value:  Size  Location     Type
		None               void
 Registers used:
		wreg, status,2, status,0, pclath, cstack
 Tracked objects:
		On entry : 
		On exit  : 
		Unchanged: 
 Data sizes:     COMMON   BANK0   BANK1   BANK3   BANK2
      Params:         2       0       0       0       0
      Locals:         1       0       0       0       0
      Temps:          0       0       0       0       0
      Totals:         3       0       0       0       0
Total ram usage:        3 bytes
 Hardware stack levels used:    1
 Hardware stack levels required when called:    2
 This function calls:
		_I2C_Start
		_I2C_Stop
		_I2C_Write
 This function is called by:
		_main
 This function uses a non-reentrant model


 *************** function _RTC_Init *****************
 Defined at:
		line 57 in file "rtc.c"
 Parameters:    Size  Location     Type
		None
 Auto vars:     Size  Location     Type
		None
 Return value:  Size  Location     Type
		None               void
 Registers used:
		wreg, status,2, status,0, pclath, cstack
 Tracked objects:
		On entry : 
		On exit  : 
		Unchanged: 
 Data sizes:     COMMON   BANK0   BANK1   BANK3   BANK2
      Params:         0       0       0       0       0
      Locals:         0       0       0       0       0
      Temps:          0       0       0       0       0
      Totals:         0       0       0       0       0
Total ram usage:        0 bytes
 Hardware stack levels used:    1
 Hardware stack levels required when called:    2
 This function calls:
		_I2C_Init
		_I2C_Start
		_I2C_Stop
		_I2C_Write
 This function is called by:
		_main
 This function uses a non-reentrant model


 *************** function _I2C_Init *****************
 Defined at:
		line 87 in file "i2c.c"
 Parameters:    Size  Location     Type
		None
 Auto vars:     Size  Location     Type
		None
 Return value:  Size  Location     Type
		None               void
 Registers used:
		wreg
 Tracked objects:
		On entry : 
		On exit  : 
		Unchanged: 
 Data sizes:     COMMON   BANK0   BANK1   BANK3   BANK2
      Params:         0       0       0       0       0
      Locals:         0       0       0       0       0
      Temps:          0       0       0       0       0
      Totals:         0       0       0       0       0
Total ram usage:        0 bytes
 Hardware stack levels used:    1
 This function calls:
		Nothing
 This function is called by:
		_RTC_Init
 This function uses a non-reentrant model


 *************** function _RTC_GetTime *****************
 Defined at:
		line 147 in file "rtc.c"
 Parameters:    Size  Location     Type
  ptr_hour_u8     1    wreg     PTR unsigned char 
		 -> main@hour(1), 
  ptr_min_u8      1    3[COMMON] PTR unsigned char 
		 -> main@min(1), 
  ptr_sec_u8      1    4[COMMON] PTR unsigned char 
		 -> main@sec(1), 
 Auto vars:     Size  Location     Type
  ptr_hour_u8     1    6[COMMON] PTR unsigned char 
		 -> main@hour(1), 
 Return value:  Size  Location     Type
		None               void
 Registers used:
		wreg, fsr0l, fsr0h, status,2, status,0, pclath, cstack
 Tracked objects:
		On entry : 
		On exit  : 
		Unchanged: 
 Data sizes:     COMMON   BANK0   BANK1   BANK3   BANK2
      Params:         2       0       0       0       0
      Locals:         1       0       0       0       0
      Temps:          1       0       0       0       0
      Totals:         4       0       0       0       0
Total ram usage:        4 bytes
 Hardware stack levels used:    1
 Hardware stack levels required when called:    2
 This function calls:
		_I2C_Read
		_I2C_Start
		_I2C_Stop
		_I2C_Write
 This function is called by:
		_main
 This function uses a non-reentrant model


 *************** function _RTC_GetDate *****************
 Defined at:
		line 183 in file "rtc.c"
 Parameters:    Size  Location     Type
  ptr_day_u8      1    wreg     PTR unsigned char 
		 -> main@day(1), 
  ptr_month_u8    1    3[COMMON] PTR unsigned char 
		 -> main@month(1), 
  ptr_year_u8     1    4[COMMON] PTR unsigned char 
		 -> main@year(1), 
 Auto vars:     Size  Location     Type
  ptr_day_u8      1    6[COMMON] PTR unsigned char 
		 -> main@day(1), 
 Return value:  Size  Location     Type
		None               void
 Registers used:
		wreg, fsr0l, fsr0h, status,2, status,0, pclath, cstack
 Tracked objects:
		On entry : 
		On exit  : 
		Unchanged: 
 Data sizes:     COMMON   BANK0   BANK1   BANK3   BANK2
      Params:         2       0       0       0       0
      Locals:         1       0       0       0       0
      Temps:          1       0       0       0       0
      Totals:         4       0       0       0       0
Total ram usage:        4 bytes
 Hardware stack levels used:    1
 Hardware stack levels required when called:    2
 This function calls:
		_I2C_Read
		_I2C_Start
		_I2C_Stop
		_I2C_Write
 This function is called by:
		_main
 This function uses a non-reentrant model


 *************** function _I2C_Write *****************
 Defined at:
		line 179 in file "i2c.c"
 Parameters:    Size  Location     Type
  var_i2cData_    1    wreg     unsigned char 
 Auto vars:     Size  Location     Type
  var_i2cData_    1    0[COMMON] unsigned char 
 Return value:  Size  Location     Type
		None               void
 Registers used:
		wreg, status,2, status,0, pclath, cstack
 Tracked objects:
		On entry : 
		On exit  : 
		Unchanged: 
 Data sizes:     COMMON   BANK0   BANK1   BANK3   BANK2
      Params:         0       0       0       0       0
      Locals:         1       0       0       0       0
      Temps:          0       0       0       0       0
      Totals:         1       0       0       0       0
Total ram usage:        1 bytes
 Hardware stack levels used:    1
 Hardware stack levels required when called:    1
 This function calls:
		_i2c_WaitForIdle
 This function is called by:
		_RTC_Init
		_RTC_SetTime
		_RTC_SetDate
		_RTC_GetTime
		_RTC_GetDate
 This function uses a non-reentrant model


 *************** function _I2C_Stop *****************
 Defined at:
		line 147 in file "i2c.c"
 Parameters:    Size  Location     Type
		None
 Auto vars:     Size  Location     Type
		None
 Return value:  Size  Location     Type
		None               void
 Registers used:
		None
 Tracked objects:
		On entry : 
		On exit  : 
		Unchanged: 
 Data sizes:     COMMON   BANK0   BANK1   BANK3   BANK2
      Params:         0       0       0       0       0
      Locals:         0       0       0       0       0
      Temps:          0       0       0       0       0
      Totals:         0       0       0       0       0
Total ram usage:        0 bytes
 Hardware stack levels used:    1
 This function calls:
		Nothing
 This function is called by:
		_RTC_Init
		_RTC_SetTime
		_RTC_SetDate
		_RTC_GetTime
		_RTC_GetDate
 This function uses a non-reentrant model


 *************** function _I2C_Start *****************
 Defined at:
		line 118 in file "i2c.c"
 Parameters:    Size  Location     Type
		None
 Auto vars:     Size  Location     Type
		None
 Return value:  Size  Location     Type
		None               void
 Registers used:
		None
 Tracked objects:
		On entry : 
		On exit  : 
		Unchanged: 
 Data sizes:     COMMON   BANK0   BANK1   BANK3   BANK2
      Params:         0       0       0       0       0
      Locals:         0       0       0       0       0
      Temps:          0       0       0       0       0
      Totals:         0       0       0       0       0
Total ram usage:        0 bytes
 Hardware stack levels used:    1
 This function calls:
		Nothing
 This function is called by:
		_RTC_Init
		_RTC_SetTime
		_RTC_SetDate
		_RTC_GetTime
		_RTC_GetDate
 This function uses a non-reentrant model


 *************** function _I2C_Read *****************
 Defined at:
		line 214 in file "i2c.c"
 Parameters:    Size  Location     Type
  var_ackOptio    1    wreg     unsigned char 
 Auto vars:     Size  Location     Type
  var_ackOptio    1    1[COMMON] unsigned char 
  var_i2cData_    1    2[COMMON] unsigned char 
 Return value:  Size  Location     Type
                  1    wreg      unsigned char 
 Registers used:
		wreg, status,2, status,0, pclath, cstack
 Tracked objects:
		On entry : 
		On exit  : 
		Unchanged: 
 Data sizes:     COMMON   BANK0   BANK1   BANK3   BANK2
      Params:         0       0       0       0       0
      Locals:         2       0       0       0       0
      Temps:          1       0       0       0       0
      Totals:         3       0       0       0       0
Total ram usage:        3 bytes
 Hardware stack levels used:    1
 Hardware stack levels required when called:    1
 This function calls:
		_i2c_Ack
		_i2c_NoAck
		_i2c_WaitForIdle
 This function is called by:
		_RTC_GetTime
		_RTC_GetDate
 This function uses a non-reentrant model


 *************** function _i2c_WaitForIdle *****************
 Defined at:
		line 258 in file "i2c.c"
 Parameters:    Size  Location     Type
		None
 Auto vars:     Size  Location     Type
		None
 Return value:  Size  Location     Type
		None               void
 Registers used:
		None
 Tracked objects:
		On entry : 
		On exit  : 
		Unchanged: 
 Data sizes:     COMMON   BANK0   BANK1   BANK3   BANK2
      Params:         0       0       0       0       0
      Locals:         0       0       0       0       0
      Temps:          0       0       0       0       0
      Totals:         0       0       0       0       0
Total ram usage:        0 bytes
 Hardware stack levels used:    1
 This function calls:
		Nothing
 This function is called by:
		_I2C_Write
		_I2C_Read
 This function uses a non-reentrant model


 *************** function _i2c_NoAck *****************
 Defined at:
		line 299 in file "i2c.c"
 Parameters:    Size  Location     Type
		None
 Auto vars:     Size  Location     Type
		None
 Return value:  Size  Location     Type
		None               void
 Registers used:
		None
 Tracked objects:
		On entry : 
		On exit  : 
		Unchanged: 
 Data sizes:     COMMON   BANK0   BANK1   BANK3   BANK2
      Params:         0       0       0       0       0
      Locals:         0       0       0       0       0
      Temps:          0       0       0       0       0
      Totals:         0       0       0       0       0
Total ram usage:        0 bytes
 Hardware stack levels used:    1
 This function calls:
		Nothing
 This function is called by:
		_I2C_Read
 This function uses a non-reentrant model


 *************** function _i2c_Ack *****************
 Defined at:
		line 279 in file "i2c.c"
 Parameters:    Size  Location     Type
		None
 Auto vars:     Size  Location     Type
		None
 Return value:  Size  Location     Type
		None               void
 Registers used:
		None
 Tracked objects:
		On entry : 
		On exit  : 
		Unchanged: 
 Data sizes:     COMMON   BANK0   BANK1   BANK3   BANK2
      Params:         0       0       0       0       0
      Locals:         0       0       0       0       0
      Temps:          0       0       0       0       0
      Totals:         0       0       0       0       0
Total ram usage:        0 bytes
 Hardware stack levels used:    1
 This function calls:
		Nothing
 This function is called by:
		_I2C_Read
 This function uses a non-reentrant model



MODULE INFORMATION

Module		Function		Class		Link	Load	Size
uart.c
		_UART_TxString 		CODE           	03A8	0000	28
		_UART_TxHexNumb		CODE           	059F	0000	133
		_UART_Init     		CODE           	0392	0000	22
		_UART_Printf   		CODE           	06AC	0000	336
		_UART_SetBaudRa		CODE           	04E9	0000	88
		_UART_TxChar   		CODE           	0352	0000	9

uart.c estimated size: 616

i2c.c
		_i2c_NoAck     		CODE           	034B	0000	7
		_I2C_Write     		CODE           	0366	0000	13
		_I2C_Stop      		CODE           	033E	0000	6
		_i2c_Ack       		CODE           	0344	0000	7
		_I2C_Read      		CODE           	03E4	0000	33
		_I2C_Init      		CODE           	0373	0000	14
		_i2c_WaitForIdl		CODE           	035B	0000	11
		_I2C_Start     		CODE           	0338	0000	6

i2c.c estimated size: 97

C:\Program Files (x86)\Microchip\xc8\v1.33\sources\common\lldiv.c
		___lldiv       		CODE           	0541	0000	94

C:\Program Files (x86)\Microchip\xc8\v1.33\sources\common\lldiv.c estimated size: 94

shared
		__stringtab    		STRING         	0003	0000	6
		__stringdata   		STRING         	0009	0000	52
		__initializatio		CODE           	07FC	0000	0

shared estimated size: 58

C:\Program Files (x86)\Microchip\xc8\v1.33\sources\common\Umul8.c
		___bmul        		CODE           	0381	0000	17

C:\Program Files (x86)\Microchip\xc8\v1.33\sources\common\Umul8.c estimated size: 17

rtc.c
		_RTC_Init      		CODE           	03C4	0000	32
		_RTC_GetDate   		CODE           	0455	0000	74
		_RTC_GetTime   		CODE           	049F	0000	74
		_RTC_SetDate   		CODE           	0405	0000	40
		_RTC_SetTime   		CODE           	042D	0000	40

rtc.c estimated size: 260

main.c
		_main          		CODE           	0624	0000	136

main.c estimated size: 136

