C51 COMPILER V9.02   MAIN                                                                  02/01/2015 19:06:48 PAGE 1   


C51 COMPILER V9.02, COMPILATION OF MODULE MAIN
OBJECT MODULE PLACED IN main.OBJ
COMPILER INVOKED BY: C:\Keil\C51\BIN\C51.EXE main.c BROWSE DEBUG OBJECTEXTEND

line level    source

   1          /*-----------------------------------------------------------------------------
   2                   Program to demonstrate Eeprom char Read Write on UART 
   3            -----------------------------------------------------------------------------
   4            note:
   5            Refer Uart.c for baudrate configuration.
   6            Refer i2c.c for SDA and SCL connection.
   7          ------------------------------------------------------------------------------*/
   8          
   9          
  10          /* Reg51.h contains the defnition of all ports and SFRs */
  11          #include <reg51.h> 
  12          
  13          #include "uart.h"       //User defined UART library which conatins the UART routines
  14          #include "eeprom.h" //User defined library which conatins eeprom(At2404) routines
  15          
  16          
  17          /* start the main program */
  18          void main() 
  19          {
  20   1        unsigned char eeprom_address=0x00, write_String[] = {"hello world"}, read_string[15];
  21   1      
  22   1        /* Initilize the Uart before Transmiting/Reaceiving any data */
  23   1          UART_Init(9600);                                                                                              
  24   1       
  25   1         while(1)
  26   1          {
  27   2                         UART_TxString("\n\rWr:");                      //Print the message on UART
  28   2                         UART_TxString(write_String);                          //Print the String to be written 
  29   2                         EEPROM_WriteString(eeprom_address,write_String); // Write the String at memory Location      0x00
  30   2      
  31   2                         
  32   2                         UART_TxString("  Rd:");                           //Print the message on UART
  33   2                         EEPROM_ReadString(eeprom_address,read_string);       // Read the String from memory Location 0x00
  34   2                         UART_TxString(read_string);                              //Print the read String
  35   2      
  36   2                }             
  37   1      
  38   1        }


MODULE INFORMATION:   STATIC OVERLAYABLE
   CODE SIZE        =     93    ----
   CONSTANT SIZE    =     24    ----
   XDATA SIZE       =   ----    ----
   PDATA SIZE       =   ----    ----
   DATA SIZE        =   ----      28
   IDATA SIZE       =   ----    ----
   BIT SIZE         =   ----    ----
END OF MODULE INFORMATION.


C51 COMPILATION COMPLETE.  0 WARNING(S),  0 ERROR(S)
