Microchip MPLAB XC8 Compiler V1.32 ()

Linker command line:

--edf=C:\Program Files\Microchip\xc8\v1.32\dat\en_msgs.txt -cs \
  -h+dist/default/production\Single_Channel.production.sym \
  --cmf=dist/default/production\Single_Channel.production.cmf -z -Q16F877A \
  -oC:\Users\desktop\AppData\Local\Temp\s59g.6 \
  -Mdist/default/production/Single_Channel.production.map -E1 -ver=XC8 \
  -ASTACK=0110h-016fh -pstack=STACK -ACONST=00h-0FFhx32 -ACODE=00h-07FFhx4 \
  -ASTRCODE=00h-01FFFh -AENTRY=00h-0FFhx32 -ASTRING=00h-0FFhx32 \
  -ACOMMON=070h-07Fh -ABANK0=020h-06Fh -ABANK1=0A0h-0EFh \
  -ABANK2=0110h-016Fh -ABANK3=0190h-01EFh \
  -ARAM=020h-06Fh,0A0h-0EFh,0110h-016Fh,0190h-01EFh \
  -AABS1=020h-07Fh,0A0h-0EFh,0110h-016Fh,0190h-01EFh -ASFR0=00h-01Fh \
  -ASFR1=080h-09Fh -ASFR2=0100h-010Fh -ASFR3=0180h-018Fh \
  -preset_vec=00h,intentry,init,end_init -ppowerup=CODE -pcinit=CODE \
  -pfunctab=CODE -ACONFIG=02007h-02007h -pconfig=CONFIG -DCONFIG=2 \
  -AIDLOC=02000h-02003h -pidloc=IDLOC -DIDLOC=2 -AEEDATA=00h-0FFh/02100h \
  -peeprom_data=EEDATA -DEEDATA=2 -DCODE=2 -DSTRCODE=2 -DSTRING=2 -DCONST=2 \
  -DENTRY=2 -k C:\Users\desktop\AppData\Local\Temp\s59g.obj \
  dist/default/production\Single_Channel.production.obj 

Object code version is 3.11

Machine type is 16F877A



                Name                               Link     Load   Length Selector   Space Scale
C:\Users\desktop\AppData\Local\Temp\s59g.obj
                end_init                              0        0        3        0       0
                config                             2007     2007        1     400E       0
dist/default/production\Single_Channel.production.obj
                cinit                               7DE      7DE       22      FBC       0
                text20                              2B5      2B5        B      56A       0
                text19                              36B      36B       26      6D6       0
                text18                              2AD      2AD        8      55A       0
                text17                              4FA      4FA       54      9F4       0
                text16                              333      333       19      666       0
                text15                              391      391       26      722       0
                text14                              3B7      3B7       36      76E       0
                text13                              2F2      2F2       15      5E4       0
                text12                              2C0      2C0        B      580       0
                text11                              2DE      2DE       14      5BC       0
                text10                              45C      45C       4F      8B8       0
                text9                               4AB      4AB       4F      956       0
                text8                               307      307       16      60E       0
                text7                               31D      31D       16      63A       0
                text6                               3ED      3ED       36      7DA       0
                text5                               34C      34C       1F      698       0
                text4                               2CB      2CB       13      596       0
                text3                               54E      54E       5E      A9C       0
                text2                               5AC      5AC       98      B58       0
                text1                               644      644      19A      C88       0
                maintext                            423      423       39      846       0
                cstackBANK0                          20       20       33       20       1
                cstackCOMMON                         70       70        E       70       1
                dataBANK0                            53       53        5       20       1
                bssBANK0                             5B       5B        2       20       1
                strings                               3        3       1B        6       0
                nvBANK0                              58       58        3       20       1
                idataBANK0                          2A8      2A8        5      550       0

TOTAL           Name                               Link     Load   Length     Space
        CLASS   STACK          

        CLASS   CONST          

        CLASS   CODE           
                end_init                              0        0        3         0
                cinit                               7DE      7DE       22         0
                text20                              2B5      2B5        B         0
                text19                              36B      36B       26         0
                text18                              2AD      2AD        8         0
                text17                              4FA      4FA       54         0
                text16                              333      333       19         0
                text15                              391      391       26         0
                text14                              3B7      3B7       36         0
                text13                              2F2      2F2       15         0
                text12                              2C0      2C0        B         0
                text11                              2DE      2DE       14         0
                text10                              45C      45C       4F         0
                text9                               4AB      4AB       4F         0
                text8                               307      307       16         0
                text7                               31D      31D       16         0
                text6                               3ED      3ED       36         0
                text5                               34C      34C       1F         0
                text4                               2CB      2CB       13         0
                text3                               54E      54E       5E         0
                text2                               5AC      5AC       98         0
                text1                               644      644      19A         0
                maintext                            423      423       39         0
                idataBANK0                          2A8      2A8        5         0

        CLASS   STRCODE        

        CLASS   ENTRY          

        CLASS   STRING         
                strings                               3        3       1B         0

        CLASS   COMMON         
                cstackCOMMON                         70       70        E         1

        CLASS   BANK0          
                cstackBANK0                          20       20       33         1
                dataBANK0                            53       53        5         1
                bssBANK0                             5B       5B        2         1
                nvBANK0                              58       58        3         1

        CLASS   BANK1          

        CLASS   BANK2          

        CLASS   BANK3          

        CLASS   RAM            

        CLASS   ABS1           
                abs_s1                               7E       7E        2         1

        CLASS   SFR0           

        CLASS   SFR1           

        CLASS   SFR2           

        CLASS   SFR3           

        CLASS   CONFIG         
                config                             2007     2007        1         0

        CLASS   IDLOC          

        CLASS   EEDATA         



SEGMENTS        Name                           Load    Length   Top    Selector   Space  Class     Delta

                reset_vec                      000000  000003  000003         0       0  CODE        2
                strings                        000003  00001B  00001E         6       0  STRING      2
                cstackBANK0                    000020  00003D  00005D        20       1  BANK0       1
                cstackCOMMON                   000070  00000E  00007E        70       1  COMMON      1
                idataBANK0                     0002A8  000005  0002AD       550       0  CODE        2
                text18                         0002AD  000008  0002B5       55A       0  CODE        2
                text20                         0002B5  00000B  0002C0       56A       0  CODE        2
                text12                         0002C0  00000B  0002CB       580       0  CODE        2
                text4                          0002CB  000013  0002DE       596       0  CODE        2
                text11                         0002DE  000014  0002F2       5BC       0  CODE        2
                text13                         0002F2  000015  000307       5E4       0  CODE        2
                text8                          000307  000016  00031D       60E       0  CODE        2
                text7                          00031D  000016  000333       63A       0  CODE        2
                text16                         000333  000019  00034C       666       0  CODE        2
                text5                          00034C  00001F  00036B       698       0  CODE        2
                text19                         00036B  000026  000391       6D6       0  CODE        2
                text15                         000391  000026  0003B7       722       0  CODE        2
                text14                         0003B7  000036  0003ED       76E       0  CODE        2
                text6                          0003ED  000036  000423       7DA       0  CODE        2
                maintext                       000423  000039  00045C       846       0  CODE        2
                text10                         00045C  00004F  0004AB       8B8       0  CODE        2
                text9                          0004AB  00004F  0004FA       956       0  CODE        2
                text17                         0004FA  000054  00054E       9F4       0  CODE        2
                text3                          00054E  00005E  0005AC       A9C       0  CODE        2
                text2                          0005AC  000098  000644       B58       0  CODE        2
                text1                          000644  00019A  0007DE       C88       0  CODE        2
                cinit                          0007DE  000022  000800       FBC       0  CODE        2
                config                         002007  000001  002008      400E       0  CONFIG      2


UNUSED ADDRESS RANGES

        Name                Unused          Largest block    Delta
        BANK0            005D-006F             13           1
        BANK1            00A0-00EF             50           1
        BANK2            0110-016F             60           1
        BANK3            0190-01EF             60           1
        CODE             001E-02A7            28A           2
                         0800-1FFF            800
        CONST            001E-02A7            100           2
                         0800-1FFF            100
        EEDATA           2100-21FF            100           2
        ENTRY            001E-02A7            100           2
                         0800-1FFF            100
        IDLOC            2000-2003              4           2
        RAM              005D-006F             13           1
                         00A0-00EF             50
                         0110-016F             60
                         0190-01EF             60
        SFR0             0000-001F             20           1
        SFR1             0080-009F             20           1
        SFR2             0100-010F             10           1
        SFR3             0180-018F             10           1
        STACK            0110-016F             60           1
        STRCODE          001E-02A7            28A           2
                         0800-1FFF           1800
        STRING           001E-02A7            100           2
                         0800-1FFF            100

                                  Symbol Table

?_ADC_GetAdcValue                                    cstackCOMMON 0072
?_LCD_Printf                                         cstackBANK0  0036
?___lldiv                                            cstackCOMMON 0070
ADC_GetAdcValue@var_adcChannel_u8                    cstackCOMMON 0075
DELAY_ms@ms_count                                    cstackCOMMON 0072
DELAY_us@us_count                                    cstackCOMMON 0070
LCD_CmdWrite@var_lcdCmd_u8                           cstackCOMMON 0075
LCD_DisplayChar@var_lcdData_u8                       cstackCOMMON 0078
LCD_DisplayDecimalNumber@a                           cstackBANK0  002B
LCD_DisplayDecimalNumber@i                           cstackBANK0  0035
LCD_DisplayDecimalNumber@var_DecNumber_u32           cstackBANK0  0024
LCD_DisplayDecimalNumber@var_numOfDigitsToDisplay_u8 cstackBANK0  0028
LCD_GoToLine@var_lineNumber_u8                       cstackCOMMON 0077
LCD_Init@var_MaxCharsPerLine_u8                      cstackCOMMON 0079
LCD_Init@var_lcdMode_u8                              cstackCOMMON 007B
LCD_Init@var_lcdNoOfLines_u8                         cstackCOMMON 0078
LCD_Printf@argList                                   cstackBANK0  0044
LCD_Printf@argp                                      cstackBANK0  004E
LCD_Printf@ch                                        cstackBANK0  004D
LCD_Printf@ptr                                       cstackBANK0  004B
LCD_Printf@str                                       cstackBANK0  003D
LCD_Printf@var_floatNum_f32                          cstackBANK0  003A
LCD_Printf@var_numOfDigitsToDisp_u8                  cstackBANK0  004C
LCD_Printf@var_num_s16                               cstackBANK0  0049
LCD_Printf@var_num_s32                               cstackBANK0  0045
LCD_Printf@var_num_u16                               cstackBANK0  0042
LCD_Printf@var_num_u32                               cstackBANK0  003E
_ADCON0                                              (abs)        001F
_ADCON1                                              (abs)        009F
_ADC_GetAdcValue                                     text19       036B
_ADC_Init                                            text18       02AD
_ADON                                                (abs)        00F8
_ADRESH                                              (abs)        001E
_ADRESL                                              (abs)        009E
_ARR_LcdLineNumAddress_U8                            dataBANK0    0053
_DELAY_ms                                            text11       02DE
_DELAY_us                                            text20       02B5
_GO                                                  (abs)        00FA
_GO_DONE                                             (abs)        00FA
_LCD_Clear                                           text12       02C0
_LCD_CmdWrite                                        text14       03B7
_LCD_DisplayChar                                     text5        034C
_LCD_DisplayDecimalNumber                            text2        05AC
_LCD_GoToLine                                        text13       02F2
_LCD_GoToNextLine                                    text8        0307
_LCD_Init                                            text9        04AB
_LCD_Printf                                          text1        0644
_PORTC                                               (abs)        0007
_PORTD                                               (abs)        0008
_STK_LCDConfig                                       nvBANK0      0058
_TRISC                                               (abs)        0087
_TRISD                                               (abs)        0088
_VAR_LcdTrackCursorPos_U8                            bssBANK0     005B
_VAR_LcdTrackLineNum_U8                              bssBANK0     005C
__CFG_BOREN$OFF                                      (abs)        0000
__CFG_CP$OFF                                         (abs)        0000
__CFG_CPD$OFF                                        (abs)        0000
__CFG_FOSC$HS                                        (abs)        0000
__CFG_LVP$ON                                         (abs)        0000
__CFG_PWRTE$OFF                                      (abs)        0000
__CFG_WDTE$OFF                                       (abs)        0000
__CFG_WRT$OFF                                        (abs)        0000
__Habs1                                              abs1         0000
__Hbank0                                             bank0        0000
__Hbank1                                             bank1        0000
__Hbank2                                             bank2        0000
__Hbank3                                             bank3        0000
__HbssBANK0                                          bssBANK0     0000
__Hcinit                                             cinit        0800
__Hclrtext                                           clrtext      0000
__Hcode                                              code         0000
__Hcommon                                            common       0000
__Hconfig                                            config       2008
__HcstackBANK0                                       cstackBANK0  0000
__HcstackCOMMON                                      cstackCOMMON 0000
__HdataBANK0                                         dataBANK0    0000
__Heeprom_data                                       eeprom_data  0000
__Hend_init                                          end_init     0003
__Hfunctab                                           functab      0000
__HidataBANK0                                        idataBANK0   0000
__Hidloc                                             idloc        0000
__Hinit                                              init         0000
__Hintentry                                          intentry     0000
__Hmaintext                                          maintext     0000
__HnvBANK0                                           nvBANK0      0000
__Hpowerup                                           powerup      0000
__Hram                                               ram          0000
__Hreset_vec                                         reset_vec    0000
__Hsfr0                                              sfr0         0000
__Hsfr1                                              sfr1         0000
__Hsfr2                                              sfr2         0000
__Hsfr3                                              sfr3         0000
__Hspace_0                                           (abs)        2008
__Hspace_1                                           (abs)        007E
__Hspace_2                                           (abs)        0000
__Hspace_3                                           (abs)        0000
__Hstack                                             stack        0000
__Hstrings                                           strings      0000
__Htext                                              text         0000
__Labs1                                              abs1         0000
__Lbank0                                             bank0        0000
__Lbank1                                             bank1        0000
__Lbank2                                             bank2        0000
__Lbank3                                             bank3        0000
__LbssBANK0                                          bssBANK0     0000
__Lcinit                                             cinit        07DE
__Lclrtext                                           clrtext      0000
__Lcode                                              code         0000
__Lcommon                                            common       0000
__Lconfig                                            config       2007
__LcstackBANK0                                       cstackBANK0  0000
__LcstackCOMMON                                      cstackCOMMON 0000
__LdataBANK0                                         dataBANK0    0000
__Leeprom_data                                       eeprom_data  0000
__Lend_init                                          end_init     0000
__Lfunctab                                           functab      0000
__LidataBANK0                                        idataBANK0   0000
__Lidloc                                             idloc        0000
__Linit                                              init         0000
__Lintentry                                          intentry     0000
__Lmaintext                                          maintext     0000
__LnvBANK0                                           nvBANK0      0000
__Lpowerup                                           powerup      0000
__Lram                                               ram          0000
__Lreset_vec                                         reset_vec    0000
__Lsfr0                                              sfr0         0000
__Lsfr1                                              sfr1         0000
__Lsfr2                                              sfr2         0000
__Lsfr3                                              sfr3         0000
__Lspace_0                                           (abs)        0000
__Lspace_1                                           (abs)        0000
__Lspace_2                                           (abs)        0000
__Lspace_3                                           (abs)        0000
__Lstack                                             stack        0000
__Lstrings                                           strings      0000
__Ltext                                              text         0000
__S0                                                 (abs)        2008
__S1                                                 (abs)        007E
__S2                                                 (abs)        0000
__S3                                                 (abs)        0000
___bmul                                              text4        02CB
___bmul@multiplicand                                 cstackBANK0  0020
___bmul@multiplier                                   cstackBANK0  0023
___bmul@product                                      cstackBANK0  0022
___int_sp                                            stack        0000
___latbits                                           (abs)        0002
___lldiv                                             text3        054E
___lldiv@counter                                     cstackCOMMON 007D
___lldiv@dividend                                    cstackCOMMON 0074
___lldiv@divisor                                     cstackCOMMON 0070
___lldiv@quotient                                    cstackCOMMON 0079
___sp                                                stack        0000
__end_of_ADC_GetAdcValue                             text19       0391
__end_of_ADC_Init                                    text18       02B5
__end_of_DELAY_ms                                    text11       02F2
__end_of_DELAY_us                                    text20       02C0
__end_of_LCD_Clear                                   text12       02CB
__end_of_LCD_CmdWrite                                text14       03ED
__end_of_LCD_DisplayChar                             text5        036B
__end_of_LCD_DisplayDecimalNumber                    text2        0644
__end_of_LCD_GoToLine                                text13       0307
__end_of_LCD_GoToNextLine                            text8        031D
__end_of_LCD_Init                                    text9        04FA
__end_of_LCD_Printf                                  text1        07DE
__end_of___bmul                                      text4        02DE
__end_of___lldiv                                     text3        05AC
__end_of__initialization                             cinit        07FC
__end_of__stringdata                                 strings      001E
__end_of__stringtab                                  strings      0009
__end_of_lcd_BusyCheck                               text17       054E
__end_of_lcd_DataWrite                               text6        0423
__end_of_lcd_Reset                                   text10       04AB
__end_of_lcd_SendCmdSignals                          text16       034C
__end_of_lcd_SendDataSignals                         text7        0333
__end_of_lcd_SendNibble                              text15       03B7
__end_of_main                                        maintext     045C
__initialization                                     cinit        07DE
__pbssBANK0                                          bssBANK0     005B
__pcstackBANK0                                       cstackBANK0  0020
__pcstackCOMMON                                      cstackCOMMON 0070
__pdataBANK0                                         dataBANK0    0053
__pidataBANK0                                        idataBANK0   02A8
__pmaintext                                          maintext     0423
__pnvBANK0                                           nvBANK0      0058
__pstrings                                           strings      0003
__ptext1                                             text1        0644
__ptext10                                            text10       045C
__ptext11                                            text11       02DE
__ptext12                                            text12       02C0
__ptext13                                            text13       02F2
__ptext14                                            text14       03B7
__ptext15                                            text15       0391
__ptext16                                            text16       0333
__ptext17                                            text17       04FA
__ptext18                                            text18       02AD
__ptext19                                            text19       036B
__ptext2                                             text2        05AC
__ptext20                                            text20       02B5
__ptext3                                             text3        054E
__ptext4                                             text4        02CB
__ptext5                                             text5        034C
__ptext6                                             text6        03ED
__ptext7                                             text7        031D
__ptext8                                             text8        0307
__ptext9                                             text9        04AB
__size_of_ADC_GetAdcValue                            (abs)        0000
__size_of_ADC_Init                                   (abs)        0000
__size_of_DELAY_ms                                   (abs)        0000
__size_of_DELAY_us                                   (abs)        0000
__size_of_LCD_Clear                                  (abs)        0000
__size_of_LCD_CmdWrite                               (abs)        0000
__size_of_LCD_DisplayChar                            (abs)        0000
__size_of_LCD_DisplayDecimalNumber                   (abs)        0000
__size_of_LCD_GoToLine                               (abs)        0000
__size_of_LCD_GoToNextLine                           (abs)        0000
__size_of_LCD_Init                                   (abs)        0000
__size_of_LCD_Printf                                 (abs)        0000
__size_of___bmul                                     (abs)        0000
__size_of___lldiv                                    (abs)        0000
__size_of_lcd_BusyCheck                              (abs)        0000
__size_of_lcd_DataWrite                              (abs)        0000
__size_of_lcd_Reset                                  (abs)        0000
__size_of_lcd_SendCmdSignals                         (abs)        0000
__size_of_lcd_SendDataSignals                        (abs)        0000
__size_of_lcd_SendNibble                             (abs)        0000
__size_of_main                                       (abs)        0000
__stringbase                                         strings      0008
__stringdata                                         strings      0009
__stringtab                                          strings      0003
_lcd_BusyCheck                                       text17       04FA
_lcd_DataWrite                                       text6        03ED
_lcd_Reset                                           text10       045C
_lcd_SendCmdSignals                                  text16       0333
_lcd_SendDataSignals                                 text7        031D
_lcd_SendNibble                                      text15       0391
_main                                                maintext     0423
btemp                                                (abs)        007E
end_of_initialization                                cinit        07FC
intlevel0                                            functab      0000
intlevel1                                            functab      0000
intlevel2                                            functab      0000
intlevel3                                            functab      0000
intlevel4                                            functab      0000
intlevel5                                            functab      0000
lcd_BusyCheck@busyflag                               cstackCOMMON 0073
lcd_DataWrite@dat                                    cstackCOMMON 0075
lcd_SendNibble@var                                   cstackCOMMON 0071
ltemp                                                (abs)        007E
ltemp0                                               (abs)        007E
ltemp1                                               (abs)        0082
ltemp2                                               (abs)        0086
ltemp3                                               (abs)        0080
main@adc_result                                      cstackBANK0  0051
reset_vec                                            reset_vec    0000
stackhi                                              (abs)        0000
stacklo                                              (abs)        0000
start                                                init         0000
start_initialization                                 cinit        07DE
ttemp                                                (abs)        007E
ttemp0                                               (abs)        007E
ttemp1                                               (abs)        0081
ttemp2                                               (abs)        0084
ttemp3                                               (abs)        0087
ttemp4                                               (abs)        007F
wtemp                                                (abs)        007E
wtemp0                                               (abs)        007E
wtemp1                                               (abs)        0080
wtemp2                                               (abs)        0082
wtemp3                                               (abs)        0084
wtemp4                                               (abs)        0086
wtemp5                                               (abs)        0088
wtemp6                                               (abs)        007F


FUNCTION INFORMATION:

 *************** function _main *****************
 Defined at:
		line 16 in file "Single_Channel.c"
 Parameters:    Size  Location     Type
		None
 Auto vars:     Size  Location     Type
  adc_result      2   49[BANK0 ] unsigned int 
 Return value:  Size  Location     Type
		None               void
 Registers used:
		wreg, fsr0l, fsr0h, status,2, status,0, pclath, cstack
 Tracked objects:
		On entry : 
		On exit  : 
		Unchanged: 
 Data sizes:     COMMON   BANK0   BANK1   BANK3   BANK2
      Params:         0       0       0       0       0
      Locals:         0       2       0       0       0
      Temps:          0       2       0       0       0
      Totals:         0       4       0       0       0
Total ram usage:        4 bytes
 Hardware stack levels required when called:    7
 This function calls:
		_ADC_GetAdcValue
		_ADC_Init
		_LCD_GoToLine
		_LCD_Init
		_LCD_Printf
 This function is called by:
		Startup code after reset
 This function uses a non-reentrant model


 *************** function _LCD_Printf *****************
 Defined at:
		line 673 in file "lcd.c"
 Parameters:    Size  Location     Type
  argList         1    wreg     PTR const unsigned char 
		 -> STR_2(4), STR_1(17), 
 Auto vars:     Size  Location     Type
  argList         1   36[BANK0 ] PTR const unsigned char 
		 -> STR_2(4), STR_1(17), 
  var_num_s32     4   37[BANK0 ] long 
  var_num_u32     4   30[BANK0 ] unsigned long 
  var_floatNum    3   26[BANK0 ] unsigned long 
  var_num_s16     2   41[BANK0 ] int 
  var_num_u16     2   34[BANK0 ] unsigned int 
  argp            1   46[BANK0 ] PTR void [1]
		 -> ?_LCD_Printf(0), 
  ch              1   45[BANK0 ] unsigned char 
  var_numOfDig    1   44[BANK0 ] unsigned char 
  ptr             1   43[BANK0 ] PTR const unsigned char 
		 -> STR_2(4), STR_1(17), 
  str             1   29[BANK0 ] PTR unsigned char 
 Return value:  Size  Location     Type
		None               void
 Registers used:
		wreg, fsr0l, fsr0h, status,2, status,0, pclath, cstack
 Tracked objects:
		On entry : 
		On exit  : 
		Unchanged: 
 Data sizes:     COMMON   BANK0   BANK1   BANK3   BANK2
      Params:         0       2       0       0       0
      Locals:         0      21       0       0       0
      Temps:          0       2       0       0       0
      Totals:         0      25       0       0       0
Total ram usage:       25 bytes
 Hardware stack levels used:    1
 Hardware stack levels required when called:    6
 This function calls:
		_LCD_DisplayChar
		_LCD_DisplayDecimalNumber
		___bmul
 This function is called by:
		_main
 This function uses a non-reentrant model


 *************** function _LCD_DisplayDecimalNumber *****************
 Defined at:
		line 431 in file "lcd.c"
 Parameters:    Size  Location     Type
  var_DecNumbe    4    4[BANK0 ] unsigned long 
  var_numOfDig    1    8[BANK0 ] unsigned char 
 Auto vars:     Size  Location     Type
  a              10   11[BANK0 ] unsigned char [10]
  i               1   21[BANK0 ] unsigned char 
 Return value:  Size  Location     Type
		None               void
 Registers used:
		wreg, fsr0l, fsr0h, status,2, status,0, pclath, cstack
 Tracked objects:
		On entry : 
		On exit  : 
		Unchanged: 
 Data sizes:     COMMON   BANK0   BANK1   BANK3   BANK2
      Params:         0       5       0       0       0
      Locals:         0      11       0       0       0
      Temps:          0       2       0       0       0
      Totals:         0      18       0       0       0
Total ram usage:       18 bytes
 Hardware stack levels used:    1
 Hardware stack levels required when called:    5
 This function calls:
		_LCD_DisplayChar
		___bmul
		___lldiv
 This function is called by:
		_LCD_Printf
 This function uses a non-reentrant model


 *************** function ___lldiv *****************
 Defined at:
		line 6 in file "C:\Program Files\Microchip\xc8\v1.32\sources\common\lldiv.c"
 Parameters:    Size  Location     Type
  divisor         4    0[COMMON] unsigned long 
  dividend        4    4[COMMON] unsigned long 
 Auto vars:     Size  Location     Type
  quotient        4    9[COMMON] unsigned long 
  counter         1   13[COMMON] unsigned char 
 Return value:  Size  Location     Type
                  4    0[COMMON] unsigned long 
 Registers used:
		wreg, status,2, status,0
 Tracked objects:
		On entry : 
		On exit  : 
		Unchanged: 
 Data sizes:     COMMON   BANK0   BANK1   BANK3   BANK2
      Params:         8       0       0       0       0
      Locals:         5       0       0       0       0
      Temps:          1       0       0       0       0
      Totals:        14       0       0       0       0
Total ram usage:       14 bytes
 Hardware stack levels used:    1
 This function calls:
		Nothing
 This function is called by:
		_LCD_DisplayDecimalNumber
 This function uses a non-reentrant model


 *************** function ___bmul *****************
 Defined at:
		line 4 in file "C:\Program Files\Microchip\xc8\v1.32\sources\common\Umul8.c"
 Parameters:    Size  Location     Type
  multiplier      1    wreg     unsigned char 
  multiplicand    1    0[BANK0 ] unsigned char 
 Auto vars:     Size  Location     Type
  multiplier      1    3[BANK0 ] unsigned char 
  product         1    2[BANK0 ] unsigned char 
 Return value:  Size  Location     Type
                  1    wreg      unsigned char 
 Registers used:
		wreg, status,2, status,0
 Tracked objects:
		On entry : 
		On exit  : 
		Unchanged: 
 Data sizes:     COMMON   BANK0   BANK1   BANK3   BANK2
      Params:         0       1       0       0       0
      Locals:         0       2       0       0       0
      Temps:          0       1       0       0       0
      Totals:         0       4       0       0       0
Total ram usage:        4 bytes
 Hardware stack levels used:    1
 This function calls:
		Nothing
 This function is called by:
		_LCD_DisplayDecimalNumber
		_LCD_Printf
 This function uses a non-reentrant model


 *************** function _LCD_DisplayChar *****************
 Defined at:
		line 309 in file "lcd.c"
 Parameters:    Size  Location     Type
  var_lcdData_    1    wreg     unsigned char 
 Auto vars:     Size  Location     Type
  var_lcdData_    1    8[COMMON] unsigned char 
 Return value:  Size  Location     Type
		None               void
 Registers used:
		wreg, fsr0l, fsr0h, status,2, status,0, pclath, cstack
 Tracked objects:
		On entry : 
		On exit  : 
		Unchanged: 
 Data sizes:     COMMON   BANK0   BANK1   BANK3   BANK2
      Params:         0       0       0       0       0
      Locals:         1       0       0       0       0
      Temps:          1       0       0       0       0
      Totals:         2       0       0       0       0
Total ram usage:        2 bytes
 Hardware stack levels used:    1
 Hardware stack levels required when called:    4
 This function calls:
		_LCD_GoToNextLine
		_lcd_DataWrite
 This function is called by:
		_LCD_DisplayDecimalNumber
		_LCD_Printf
 This function uses a non-reentrant model


 *************** function _lcd_DataWrite *****************
 Defined at:
		line 839 in file "lcd.c"
 Parameters:    Size  Location     Type
  dat             1    wreg     unsigned char 
 Auto vars:     Size  Location     Type
  dat             1    5[COMMON] unsigned char 
 Return value:  Size  Location     Type
		None               void
 Registers used:
		wreg, status,2, status,0, pclath, cstack
 Tracked objects:
		On entry : 
		On exit  : 
		Unchanged: 
 Data sizes:     COMMON   BANK0   BANK1   BANK3   BANK2
      Params:         0       0       0       0       0
      Locals:         1       0       0       0       0
      Temps:          1       0       0       0       0
      Totals:         2       0       0       0       0
Total ram usage:        2 bytes
 Hardware stack levels used:    1
 Hardware stack levels required when called:    2
 This function calls:
		_lcd_BusyCheck
		_lcd_SendDataSignals
		_lcd_SendNibble
 This function is called by:
		_LCD_DisplayChar
 This function uses a non-reentrant model


 *************** function _lcd_SendDataSignals *****************
 Defined at:
		line 994 in file "lcd.c"
 Parameters:    Size  Location     Type
		None
 Auto vars:     Size  Location     Type
		None
 Return value:  Size  Location     Type
		None               void
 Registers used:
		wreg, status,2, status,0, pclath, cstack
 Tracked objects:
		On entry : 
		On exit  : 
		Unchanged: 
 Data sizes:     COMMON   BANK0   BANK1   BANK3   BANK2
      Params:         0       0       0       0       0
      Locals:         0       0       0       0       0
      Temps:          1       0       0       0       0
      Totals:         1       0       0       0       0
Total ram usage:        1 bytes
 Hardware stack levels used:    1
 Hardware stack levels required when called:    1
 This function calls:
		_DELAY_us
 This function is called by:
		_lcd_DataWrite
 This function uses a non-reentrant model


 *************** function _LCD_GoToNextLine *****************
 Defined at:
		line 208 in file "lcd.c"
 Parameters:    Size  Location     Type
		None
 Auto vars:     Size  Location     Type
		None
 Return value:  Size  Location     Type
		None               void
 Registers used:
		wreg, fsr0l, fsr0h, status,2, status,0, pclath, cstack
 Tracked objects:
		On entry : 
		On exit  : 
		Unchanged: 
 Data sizes:     COMMON   BANK0   BANK1   BANK3   BANK2
      Params:         0       0       0       0       0
      Locals:         0       0       0       0       0
      Temps:          1       0       0       0       0
      Totals:         1       0       0       0       0
Total ram usage:        1 bytes
 Hardware stack levels used:    1
 Hardware stack levels required when called:    3
 This function calls:
		_LCD_CmdWrite
 This function is called by:
		_LCD_DisplayChar
 This function uses a non-reentrant model


 *************** function _LCD_Init *****************
 Defined at:
		line 112 in file "lcd.c"
 Parameters:    Size  Location     Type
  var_lcdMode_    1    wreg     unsigned char 
  var_lcdNoOfL    1    8[COMMON] unsigned char 
  var_MaxChars    1    9[COMMON] unsigned char 
 Auto vars:     Size  Location     Type
  var_lcdMode_    1   11[COMMON] unsigned char 
 Return value:  Size  Location     Type
		None               void
 Registers used:
		wreg, fsr0l, fsr0h, status,2, status,0, pclath, cstack
 Tracked objects:
		On entry : 
		On exit  : 
		Unchanged: 
 Data sizes:     COMMON   BANK0   BANK1   BANK3   BANK2
      Params:         2       0       0       0       0
      Locals:         1       0       0       0       0
      Temps:          1       0       0       0       0
      Totals:         4       0       0       0       0
Total ram usage:        4 bytes
 Hardware stack levels used:    1
 Hardware stack levels required when called:    5
 This function calls:
		_DELAY_ms
		_LCD_Clear
		_LCD_CmdWrite
		_lcd_Reset
 This function is called by:
		_main
 This function uses a non-reentrant model


 *************** function _lcd_Reset *****************
 Defined at:
		line 923 in file "lcd.c"
 Parameters:    Size  Location     Type
		None
 Auto vars:     Size  Location     Type
		None
 Return value:  Size  Location     Type
		None               void
 Registers used:
		wreg, status,2, status,0, pclath, cstack
 Tracked objects:
		On entry : 
		On exit  : 
		Unchanged: 
 Data sizes:     COMMON   BANK0   BANK1   BANK3   BANK2
      Params:         0       0       0       0       0
      Locals:         0       0       0       0       0
      Temps:          0       0       0       0       0
      Totals:         0       0       0       0       0
Total ram usage:        0 bytes
 Hardware stack levels used:    1
 Hardware stack levels required when called:    2
 This function calls:
		_DELAY_ms
		_DELAY_us
		_lcd_SendCmdSignals
		_lcd_SendNibble
 This function is called by:
		_LCD_Init
 This function uses a non-reentrant model


 *************** function _DELAY_ms *****************
 Defined at:
		line 76 in file "delay.c"
 Parameters:    Size  Location     Type
  ms_count        2    2[COMMON] unsigned int 
 Auto vars:     Size  Location     Type
		None
 Return value:  Size  Location     Type
		None               void
 Registers used:
		wreg, status,2, status,0, pclath, cstack
 Tracked objects:
		On entry : 
		On exit  : 
		Unchanged: 
 Data sizes:     COMMON   BANK0   BANK1   BANK3   BANK2
      Params:         2       0       0       0       0
      Locals:         0       0       0       0       0
      Temps:          0       0       0       0       0
      Totals:         2       0       0       0       0
Total ram usage:        2 bytes
 Hardware stack levels used:    1
 Hardware stack levels required when called:    1
 This function calls:
		_DELAY_us
 This function is called by:
		_LCD_Init
		_lcd_Reset
		_DELAY_sec
 This function uses a non-reentrant model


 *************** function _LCD_Clear *****************
 Defined at:
		line 154 in file "lcd.c"
 Parameters:    Size  Location     Type
		None
 Auto vars:     Size  Location     Type
		None
 Return value:  Size  Location     Type
		None               void
 Registers used:
		wreg, fsr0l, fsr0h, status,2, status,0, pclath, cstack
 Tracked objects:
		On entry : 
		On exit  : 
		Unchanged: 
 Data sizes:     COMMON   BANK0   BANK1   BANK3   BANK2
      Params:         0       0       0       0       0
      Locals:         0       0       0       0       0
      Temps:          0       0       0       0       0
      Totals:         0       0       0       0       0
Total ram usage:        0 bytes
 Hardware stack levels used:    1
 Hardware stack levels required when called:    4
 This function calls:
		_LCD_CmdWrite
		_LCD_GoToLine
 This function is called by:
		_LCD_Init
 This function uses a non-reentrant model


 *************** function _LCD_GoToLine *****************
 Defined at:
		line 181 in file "lcd.c"
 Parameters:    Size  Location     Type
  var_lineNumb    1    wreg     unsigned char 
 Auto vars:     Size  Location     Type
  var_lineNumb    1    7[COMMON] unsigned char 
 Return value:  Size  Location     Type
		None               void
 Registers used:
		wreg, fsr0l, fsr0h, status,2, status,0, pclath, cstack
 Tracked objects:
		On entry : 
		On exit  : 
		Unchanged: 
 Data sizes:     COMMON   BANK0   BANK1   BANK3   BANK2
      Params:         0       0       0       0       0
      Locals:         1       0       0       0       0
      Temps:          1       0       0       0       0
      Totals:         2       0       0       0       0
Total ram usage:        2 bytes
 Hardware stack levels used:    1
 Hardware stack levels required when called:    3
 This function calls:
		_LCD_CmdWrite
 This function is called by:
		_main
		_LCD_Clear
 This function uses a non-reentrant model


 *************** function _LCD_CmdWrite *****************
 Defined at:
		line 274 in file "lcd.c"
 Parameters:    Size  Location     Type
  var_lcdCmd_u    1    wreg     unsigned char 
 Auto vars:     Size  Location     Type
  var_lcdCmd_u    1    5[COMMON] unsigned char 
 Return value:  Size  Location     Type
		None               void
 Registers used:
		wreg, status,2, status,0, pclath, cstack
 Tracked objects:
		On entry : 
		On exit  : 
		Unchanged: 
 Data sizes:     COMMON   BANK0   BANK1   BANK3   BANK2
      Params:         0       0       0       0       0
      Locals:         1       0       0       0       0
      Temps:          1       0       0       0       0
      Totals:         2       0       0       0       0
Total ram usage:        2 bytes
 Hardware stack levels used:    1
 Hardware stack levels required when called:    2
 This function calls:
		_lcd_BusyCheck
		_lcd_SendCmdSignals
		_lcd_SendNibble
 This function is called by:
		_LCD_Init
		_LCD_Clear
		_LCD_GoToLine
		_LCD_GoToNextLine
 This function uses a non-reentrant model


 *************** function _lcd_SendNibble *****************
 Defined at:
		line 953 in file "lcd.c"
 Parameters:    Size  Location     Type
  var             1    wreg     unsigned char 
 Auto vars:     Size  Location     Type
  var             1    1[COMMON] unsigned char 
 Return value:  Size  Location     Type
		None               void
 Registers used:
		wreg, status,2, status,0
 Tracked objects:
		On entry : 
		On exit  : 
		Unchanged: 
 Data sizes:     COMMON   BANK0   BANK1   BANK3   BANK2
      Params:         0       0       0       0       0
      Locals:         1       0       0       0       0
      Temps:          1       0       0       0       0
      Totals:         2       0       0       0       0
Total ram usage:        2 bytes
 Hardware stack levels used:    1
 This function calls:
		Nothing
 This function is called by:
		_LCD_CmdWrite
		_lcd_DataWrite
		_lcd_Reset
 This function uses a non-reentrant model


 *************** function _lcd_SendCmdSignals *****************
 Defined at:
		line 972 in file "lcd.c"
 Parameters:    Size  Location     Type
		None
 Auto vars:     Size  Location     Type
		None
 Return value:  Size  Location     Type
		None               void
 Registers used:
		wreg, status,2, status,0, pclath, cstack
 Tracked objects:
		On entry : 
		On exit  : 
		Unchanged: 
 Data sizes:     COMMON   BANK0   BANK1   BANK3   BANK2
      Params:         0       0       0       0       0
      Locals:         0       0       0       0       0
      Temps:          1       0       0       0       0
      Totals:         1       0       0       0       0
Total ram usage:        1 bytes
 Hardware stack levels used:    1
 Hardware stack levels required when called:    1
 This function calls:
		_DELAY_us
 This function is called by:
		_LCD_CmdWrite
		_lcd_Reset
 This function uses a non-reentrant model


 *************** function _lcd_BusyCheck *****************
 Defined at:
		line 873 in file "lcd.c"
 Parameters:    Size  Location     Type
		None
 Auto vars:     Size  Location     Type
  busyflag        1    3[COMMON] unsigned char 
 Return value:  Size  Location     Type
		None               void
 Registers used:
		wreg, status,2, status,0, pclath, cstack
 Tracked objects:
		On entry : 
		On exit  : 
		Unchanged: 
 Data sizes:     COMMON   BANK0   BANK1   BANK3   BANK2
      Params:         0       0       0       0       0
      Locals:         1       0       0       0       0
      Temps:          1       0       0       0       0
      Totals:         2       0       0       0       0
Total ram usage:        2 bytes
 Hardware stack levels used:    1
 Hardware stack levels required when called:    1
 This function calls:
		_DELAY_us
 This function is called by:
		_LCD_CmdWrite
		_lcd_DataWrite
 This function uses a non-reentrant model


 *************** function _ADC_Init *****************
 Defined at:
		line 54 in file "adc.c"
 Parameters:    Size  Location     Type
		None
 Auto vars:     Size  Location     Type
		None
 Return value:  Size  Location     Type
		None               void
 Registers used:
		wreg, status,2
 Tracked objects:
		On entry : 
		On exit  : 
		Unchanged: 
 Data sizes:     COMMON   BANK0   BANK1   BANK3   BANK2
      Params:         0       0       0       0       0
      Locals:         0       0       0       0       0
      Temps:          0       0       0       0       0
      Totals:         0       0       0       0       0
Total ram usage:        0 bytes
 Hardware stack levels used:    1
 This function calls:
		Nothing
 This function is called by:
		_main
 This function uses a non-reentrant model


 *************** function _ADC_GetAdcValue *****************
 Defined at:
		line 76 in file "adc.c"
 Parameters:    Size  Location     Type
  var_adcChann    1    wreg     unsigned char 
 Auto vars:     Size  Location     Type
  var_adcChann    1    5[COMMON] unsigned char 
 Return value:  Size  Location     Type
                  2    2[COMMON] unsigned int 
 Registers used:
		wreg, status,2, status,0, pclath, cstack
 Tracked objects:
		On entry : 
		On exit  : 
		Unchanged: 
 Data sizes:     COMMON   BANK0   BANK1   BANK3   BANK2
      Params:         2       0       0       0       0
      Locals:         1       0       0       0       0
      Temps:          1       0       0       0       0
      Totals:         4       0       0       0       0
Total ram usage:        4 bytes
 Hardware stack levels used:    1
 Hardware stack levels required when called:    1
 This function calls:
		_DELAY_us
 This function is called by:
		_main
 This function uses a non-reentrant model


 *************** function _DELAY_us *****************
 Defined at:
		line 55 in file "delay.c"
 Parameters:    Size  Location     Type
  us_count        2    0[COMMON] unsigned int 
 Auto vars:     Size  Location     Type
		None
 Return value:  Size  Location     Type
		None               void
 Registers used:
		wreg, status,2, status,0
 Tracked objects:
		On entry : 
		On exit  : 
		Unchanged: 
 Data sizes:     COMMON   BANK0   BANK1   BANK3   BANK2
      Params:         2       0       0       0       0
      Locals:         0       0       0       0       0
      Temps:          0       0       0       0       0
      Totals:         2       0       0       0       0
Total ram usage:        2 bytes
 Hardware stack levels used:    1
 This function calls:
		Nothing
 This function is called by:
		_ADC_GetAdcValue
		_DELAY_ms
		_lcd_BusyCheck
		_lcd_Reset
		_lcd_SendCmdSignals
		_lcd_SendDataSignals
 This function uses a non-reentrant model



MODULE INFORMATION

Module		Function		Class		Link	Load	Size
delay.c
		_DELAY_ms      		CODE           	02DE	0000	20
		_DELAY_us      		CODE           	02B5	0000	11

delay.c estimated size: 31

C:\Program Files\Microchip\xc8\v1.32\sources\common\lldiv.c
		___lldiv       		CODE           	054E	0000	94

C:\Program Files\Microchip\xc8\v1.32\sources\common\lldiv.c estimated size: 94

C:\Program Files\Microchip\xc8\v1.32\sources\common\Umul8.c
		___bmul        		CODE           	02CB	0000	19

C:\Program Files\Microchip\xc8\v1.32\sources\common\Umul8.c estimated size: 19

Single_Channel.c
		_main          		CODE           	0423	0000	57

Single_Channel.c estimated size: 57

adc.c
		_ADC_GetAdcValu		CODE           	036B	0000	38
		_ADC_Init      		CODE           	02AD	0000	8

adc.c estimated size: 46

shared
		__stringtab    		STRING         	0003	0000	6
		__stringdata   		STRING         	0009	0000	21
		__initializatio		CODE           	07DE	0000	30

shared estimated size: 57

lcd.c
		_LCD_Init      		CODE           	04AB	0000	79
		_LCD_DisplayDec		CODE           	05AC	0000	152
		_lcd_SendCmdSig		CODE           	0333	0000	25
		_LCD_CmdWrite  		CODE           	03B7	0000	54
		_LCD_Clear     		CODE           	02C0	0000	11
		_LCD_Printf    		CODE           	0644	0000	410
		_LCD_GoToLine  		CODE           	02F2	0000	21
		_lcd_BusyCheck 		CODE           	04FA	0000	84
		_LCD_GoToNextLi		CODE           	0307	0000	22
		_lcd_SendNibble		CODE           	0391	0000	38
		_lcd_Reset     		CODE           	045C	0000	79
		_lcd_DataWrite 		CODE           	03ED	0000	54
		_LCD_DisplayCha		CODE           	034C	0000	31
		_lcd_SendDataSi		CODE           	031D	0000	22

lcd.c estimated size: 1082

